[txcap.org/wp-content/themes/ffer/img/icons/favicon.ico]
[txcap.org/wp-content/themes/ffer/img/icons/touch.png]
[backblue.gif]
[fade.gif]
[index.html]
[txcap.org/wp-includes/css/dist/block-library/style.min32d4.css]
[txcap.org/wp-content/themes/ffer/css/normalize5b75.css]
[txcap.org/wp-content/themes/ffer/css/skeleton1c12.css]
[txcap.org/wp-content/themes/ffer/css/fonts5152.css]
[txcap.org/wp-content/themes/ffer/css/font-awesomeb2f9.css]
[txcap.org/wp-content/themes/ffer/style492e.css]
[txcap.org/wp-content/themes/ffer/css/flexslider32d4.css]
[txcap.org/wp-content/plugins/tablepress/css/build/default431f.css]
[txcap.org/wp-includes/js/jquery/jquery.minf43b.js]
[txcap.org/wp-includes/js/jquery/jquery-migrate.min5589.js]
[txcap.org/wp-content/themes/ffer/js/lib/conditionizr.minb2f9.js]
[txcap.org/wp-content/themes/ffer/js/lib/modernizr.min653d.js]
[txcap.org/wp-content/themes/ffer/js/lib/classie.min6b25.js]
[txcap.org/wp-content/themes/ffer/js/smoothscrolledfb.js]
[txcap.org/wp-content/themes/ffer/js/lib/autotab.min8a54.js]
[txcap.org/wp-content/themes/ffer/js/phone8a54.js]
[txcap.org/wp-content/themes/ffer/js/scriptsf269.js]
[txcap.org/wp-json/wp/v2/pages/15]
[txcap.org/wp-json/oembed/1.0/embed510e]
[txcap.org/wp-json/index.html]
[txcap.org/wp-json/oembed/1.0/embedd839]
[txcap.org/wp-content/plugins/count-per-day/counter.css]
[txcap.org/wp-content/uploads/2017/09/cropped-CAP_Fav-32x32.png]
[txcap.org/wp-content/uploads/2017/09/cropped-CAP_Fav-192x192.png]
[txcap.org/wp-content/uploads/2017/09/cropped-CAP_Fav-180x180.png]
[www.google.com/recaptcha/api.js]
[cdn.jsdelivr.net/npm/@afca/analytics@latest/dist/analytics.js]
[txcap.org/wp-content/themes/ffer/img/logo.png]
[txcap.org/about/index.html]
[txcap.org/wp-content/uploads/2017/12/slider_pic_1.png]
[txcap.org/category/en-post/index.html]
[txcap.org/wp-content/themes/ffer/img/arrow_sm_black_down.gif]
[txcap.org/wp-content/themes/ffer/js/lib/flexslider.min32d4.js]
[txcap.org/index.html]
[txcap.org/wp-includes/css/dist/block-library/style.min32d4.css]
[txcap.org/wp-content/plugins/gtranslate/js/dropdown32d4.js]
[txcap.org/wp-content/themes/ffer/css/normalize5b75.css]
[txcap.org/faq/index.html]
[txcap.org/topics/index.html]
[txcap.org/wp-content/themes/ffer/css/skeleton1c12.css]
[txcap.org/district-clerk-offices-near-houston-texas/index.html]
[txcap.org/valid-reasons-deny-visitation/index.html]
[txcap.org/custodia-de-los-hijos-y-tipos-de-tutela-en-texas/index.html]
[txcap.org/wp-content/themes/ffer/css/fonts5152.css]
[txcap.org/determining-child-custody-texas/index.html]
[txcap.org/abbott-signs-sweeping-child-welfare-overhaul-law/index.html]
[txcap.org/understanding-fathers-rights-texas/index.html]
[txcap.org/establish-visitation-texas-children/index.html]
[txcap.org/get-custody-children-texas/index.html]
[txcap.org/child-custody-texas-parent-wants-move-child-state/index.html]
[txcap.org/wp-content/themes/ffer/fonts/fontawesome-webfonte0a5.eot]
[txcap.org/child-custody-types-conservatorship-texas/index.html]
[txcap.org/inicio/index.html]
[txcap.org/wp-content/themes/ffer/fonts/fontawesome-webfontd41d.eot]
[txcap.org/category/es-post/index.html]
[txcap.org/wp-content/themes/ffer/fonts/fontawesome-webfonte0a5.woff2]
[txcap.org/preguntas-frecuentes/index.html]
[txcap.org/wp-content/themes/ffer/fonts/fontawesome-webfonte0a5.woff]
[txcap.org/wp-content/themes/ffer/fonts/fontawesome-webfonte0a5.ttf]
[txcap.org/temas/index.html]
[txcap.org/wp-content/themes/ffer/css/font-awesomeb2f9.css]
[txcap.org/wp-content/themes/ffer/fonts/fontawesome-webfonte0a5.svg]
[txcap.org/wp-content/themes/ffer/img/separator.png]
[txcap.org/wp-content/themes/ffer/fonts/font-name.eot]
[txcap.org/wp-content/themes/ffer/fonts/font-named41d.eot]
[txcap.org/wp-content/themes/ffer/fonts/font-name.woff]
[txcap.org/wp-content/themes/ffer/fonts/font-name.ttf]
[txcap.org/wp-content/themes/ffer/fonts/font-name.svg]
[txcap.org/wp-content/themes/ffer/img/nav_icon.png]
[txcap.org/wp-content/themes/ffer/img/close_nav_icon.png]
[txcap.org/wp-content/themes/ffer/style492e.css]
[txcap.org/wp-content/themes/ffer/fonts/flexslider-icon.eot]
[txcap.org/wp-content/themes/ffer/fonts/flexslider-icond41d.eot]
[txcap.org/wp-content/themes/ffer/fonts/flexslider-icon.woff]
[txcap.org/wp-content/themes/ffer/fonts/flexslider-icon.ttf]
[txcap.org/wp-content/themes/ffer/css/flexslider32d4.css]
[txcap.org/wp-content/themes/ffer/fonts/flexslider-icon.svg]
[txcap.org/wp-content/plugins/tablepress/css/build/tablepress.woff]
[txcap.org/wp-content/plugins/tablepress/css/build/default431f.css]
[txcap.org/wp-json/index.html]
[txcap.org/wp-json/wp/v2/pages/15.html]
[txcap.org/wp-json/oembed/1.0/embed510e.html]
[txcap.org/wp-json/oembed/1.0/embedd839.html]
[txcap.org/wp-content/plugins/count-per-day/img/cpd_sprites.png]
[txcap.org/wp-content/plugins/count-per-day/img/cpd_clients.png]
[txcap.org/wp-content/plugins/count-per-day/img/cpd_flags.png]
[txcap.org/wp-content/plugins/count-per-day/counter.css]
[txcap.org/wp-json/wp/v2/pages/80]
[txcap.org/wp-json/oembed/1.0/embed0abb]
[txcap.org/wp-json/oembed/1.0/embed9124]
[txcap.org/wp-content/uploads/2017/03/CAP_Logo-300x44.png]
[txcap.org/about/index.html]
[txcap.org/wp-json/wp/v2/categories/50]
[txcap.org/wp-content/uploads/2017/02/bkjkgjkhjgkhjkg-150x150.jpg]
[txcap.org/sobre-nosotros/index.html]
[txcap.org/wp-content/uploads/2017/09/nbmvnbvm-150x150.jpg]
[txcap.org/wp-content/uploads/2017/10/deteming-child-custody2-150x150.jpg]
[txcap.org/wp-content/uploads/2017/06/hghjghjgjh-150x150.jpg]
[txcap.org/wp-content/uploads/2017/06/Abbott-150x150.jpg]
[txcap.org/wp-content/uploads/2017/05/n-mvnbmnvm-150x150.jpg]
[txcap.org/wp-content/uploads/2017/10/bhbhbh-150x150.jpg]
[txcap.org/wp-content/uploads/2017/03/mbnnbmnb-150x150.jpg]
[txcap.org/category/en-post/index.html]
[txcap.org/wp-json/wp/v2/pages/53]
[txcap.org/category/index.html]
[txcap.org/wp-json/oembed/1.0/embedbc6c]
[txcap.org/wp-json/oembed/1.0/embed6140]
[txcap.org/faq/index.html]
[txcap.org/wp-json/wp/v2/pages/398]
[txcap.org/wp-json/oembed/1.0/embed8265]
[txcap.org/wp-json/oembed/1.0/embedb0b6]
[txcap.org/topics/index.html]
[txcap.org/wp-json/wp/v2/pages/101]
[txcap.org/wp-json/oembed/1.0/embedb29c]
[txcap.org/wp-json/oembed/1.0/embed0c52]
[txcap.org/district-clerk-offices-near-houston-texas/index.html]
[txcap.org/wp-json/wp/v2/posts/445]
[txcap.org/wp-json/oembed/1.0/embedafda]
[txcap.org/wp-json/oembed/1.0/embede1a7]
[txcap.org/wp-content/uploads/2017/10/bkkgkg.jpg]
[txcap.org/wp-content/uploads/2017/10/bnmbmbnmb.jpg]
[txcap.org/wp-content/uploads/2017/10/AFLC-Icon-8-4-2016-e1507059478693.png]
[txcap.org/custodia-de-los-hijos-y-tipos-de-tutela-en-texas/index.html]
[txcap.org/wp-json/wp/v2/posts/345]
[txcap.org/wp-json/oembed/1.0/embed2f03]
[txcap.org/wp-json/oembed/1.0/embedc99d]
[txcap.org/wp-content/uploads/2017/10/ohpokh.jpg]
[txcap.org/wp-content/uploads/2017/10/know2.jpg]
[txcap.org/wp-content/uploads/2017/10/nmmnmn.jpg]
[txcap.org/wp-content/uploads/2017/10/bmmbbmn.jpg]
[txcap.org/valid-reasons-deny-visitation/index.html]
[txcap.org/wp-json/wp/v2/posts/258]
[txcap.org/wp-json/oembed/1.0/embed100d]
[txcap.org/cuales-son-las-razones-validas-para-denegar-la-visita/index.html]
[txcap.org/wp-json/oembed/1.0/embedb34b]
[txcap.org/wp-content/uploads/2017/10/deteming-child-custody2.jpg]
[txcap.org/wp-content/uploads/2017/10/media-20170718.jpg]
[txcap.org/wp-content/uploads/2017/10/Child-Custody.jpg]
[txcap.org/determining-child-custody-texas/index.html]
[txcap.org/determinacion-de-la-custodia-de-menores-en-texas/index.html]
[txcap.org/wp-json/wp/v2/posts/280]
[txcap.org/wp-json/oembed/1.0/embed77ea]
[txcap.org/wp-json/oembed/1.0/embedb5c4]
[txcap.org/wp-content/uploads/2017/10/jbjbvj.jpg]
[txcap.org/wp-content/uploads/2017/10/jkgjkjgkjgk.jpg]
[txcap.org/wp-content/uploads/2017/10/vis3.jpg]
[txcap.org/establish-visitation-texas-children/index.html]
[txcap.org/wp-json/wp/v2/posts/269]
[txcap.org/como-establecer-la-visita-en-texas-con-sus-hijos/index.html]
[txcap.org/wp-json/oembed/1.0/embed31b2]
[txcap.org/wp-json/oembed/1.0/embedc0b8]
[txcap.org/wp-content/uploads/2017/06/Abbott-300x200.jpg]
[txcap.org/wp-content/uploads/2017/10/circlechildren.jpg]
[txcap.org/wp-content/uploads/2017/10/Seal_8x8-e1507061654848.png]
[txcap.org/abbott-signs-sweeping-child-welfare-overhaul-law/index.html]
[txcap.org/abbott-firma-una-reforma-radical-del-bienestar-infantil/index.html]
[txcap.org/wp-json/wp/v2/posts/318]
[txcap.org/wp-json/oembed/1.0/embed74b0]
[txcap.org/wp-json/oembed/1.0/embed3fbb]
[txcap.org/wp-content/uploads/2017/10/nn-vnvn.jpg]
[txcap.org/wp-content/uploads/2017/10/bjkbjkjb.jpg]
[txcap.org/wp-content/uploads/2017/10/bjhfbhjfhj.jpg]
[txcap.org/wp-content/uploads/2017/10/nvbnvbnvb.jpg]
[txcap.org/get-custody-children-texas/index.html]
[txcap.org/como-obtener-la-custodia-de-sus-hijos-en-texas/index.html]
[txcap.org/wp-json/wp/v2/posts/331]
[txcap.org/wp-json/oembed/1.0/embed7eaf]
[txcap.org/wp-json/oembed/1.0/embedc1c3]
[txcap.org/wp-content/uploads/2017/10/nvbvnbnvb.jpg]
[txcap.org/wp-content/uploads/2017/10/bnbmnmbnmb.jpg]
[txcap.org/wp-content/uploads/2017/10/hgjfhgfgfh.jpg]
[txcap.org/wp-content/uploads/2017/10/mnbmbnmbn.jpg]
[txcap.org/wp-content/uploads/2017/10/mvmvmn.jpg]
[txcap.org/understanding-fathers-rights-texas/index.html]
[txcap.org/wp-json/wp/v2/posts/306]
[txcap.org/comprender-los-derechos-del-padre-en-texas/index.html]
[txcap.org/wp-json/oembed/1.0/embedbfd4]
[txcap.org/wp-json/oembed/1.0/embed411a]
[txcap.org/wp-content/uploads/2017/10/nbmvbmvn.jpg]
[txcap.org/wp-content/uploads/2017/10/move5.jpg]
[txcap.org/child-custody-texas-parent-wants-move-child-state/index.html]
[txcap.org/wp-json/wp/v2/posts/296]
[txcap.org/wp-json/oembed/1.0/embed0d16]
[txcap.org/custodia-de-menores-en-texas-cuando-un-padre-quiere-mover-un-nino-fuera-del-estado/index.html]
[txcap.org/wp-json/oembed/1.0/embed4c1b]
[txcap.org/child-custody-types-conservatorship-texas/index.html]
[txcap.org/wp-json/wp/v2/pages/371]
[txcap.org/wp-json/oembed/1.0/embed4f47]
[txcap.org/custodia-de-menores-y-tipos-de-tutoria-en-texas/index.html]
[txcap.org/wp-json/oembed/1.0/embed6747]
[txcap.org/inicio/index.html]
[txcap.org/acerca-de/index.html]
[txcap.org/acerca-de-nosotros/index.html]
[txcap.org/wp-json/wp/v2/categories/51]
[txcap.org/category/es-post/index.html]
[txcap.org/wp-json/wp/v2/pages/366]
[txcap.org/wp-json/oembed/1.0/embed92b2]
[txcap.org/wp-json/oembed/1.0/embed1de0]
[txcap.org/preguntas-frecuentes/index.html]
[txcap.org/wp-json/wp/v2/pages/400]
[txcap.org/wp-json/oembed/1.0/embed384b]
[txcap.org/wp-json/oembed/1.0/embeddd4a]
[txcap.org/temas/index.html]
[txcap.org/wp-content/themes/ffer/fonts/fontawesome-webfonte0a5.svg]
[txcap.org/wp-content/themes/ffer/fonts/font-name.html]
[txcap.org/wp-content/themes/ffer/fonts/font-named41d.html]
[txcap.org/wp-content/themes/ffer/fonts/font-name-2.html]
[txcap.org/wp-content/themes/ffer/fonts/font-name-3.html]
[txcap.org/wp-content/themes/ffer/fonts/font-name-4.html]
[txcap.org/wp-content/themes/ffer/fonts/flexslider-icon.svg]
[txcap.org/wp-json/wp/v2/pages/80.html]
[txcap.org/wp-json/oembed/1.0/embed0abb.html]
[txcap.org/wp-json/oembed/1.0/embed9124.html]
[txcap.org/sobre-nosotros/index.html]
[txcap.org/wp-json/wp/v2/categories/50.html]
[txcap.org/category/index.html]
[txcap.org/wp-json/wp/v2/pages/53.html]
[txcap.org/wp-json/oembed/1.0/embedbc6c.html]
[txcap.org/wp-json/oembed/1.0/embed6140.html]
[txcap.org/wp-json/wp/v2/pages/398.html]
[txcap.org/wp-json/oembed/1.0/embed8265.html]
[txcap.org/wp-json/oembed/1.0/embedb0b6.html]
[txcap.org/wp-json/wp/v2/pages/101.html]
[txcap.org/wp-json/oembed/1.0/embedb29c.html]
[txcap.org/wp-json/oembed/1.0/embed0c52.html]
[txcap.org/wp-json/wp/v2/posts/445.html]
[txcap.org/wp-json/oembed/1.0/embedafda.html]
[txcap.org/wp-json/oembed/1.0/embede1a7.html]
[txcap.org/wp-json/wp/v2/posts/345.html]
[txcap.org/wp-json/oembed/1.0/embed2f03.html]
[txcap.org/wp-json/oembed/1.0/embedc99d.html]
[txcap.org/wp-json/oembed/1.0/embedb871]
[txcap.org/wp-json/oembed/1.0/embedf10b]
[txcap.org/cuales-son-las-razones-validas-para-denegar-la-visita/index.html]
[txcap.org/wp-json/wp/v2/posts/258.html]
[txcap.org/wp-json/oembed/1.0/embed100d.html]
[txcap.org/wp-json/oembed/1.0/embedb34b.html]
[txcap.org/wp-json/wp/v2/posts/265]
[txcap.org/wp-json/oembed/1.0/embed0cdf]
[txcap.org/wp-json/oembed/1.0/embedc314]
[txcap.org/determinacion-de-la-custodia-de-menores-en-texas/index.html]
[txcap.org/wp-json/wp/v2/posts/280.html]
[txcap.org/wp-json/oembed/1.0/embed77ea.html]
[txcap.org/wp-json/oembed/1.0/embedb5c4.html]
[txcap.org/wp-json/oembed/1.0/embed72b6]
[txcap.org/wp-json/oembed/1.0/embed8742]
[txcap.org/como-establecer-la-visita-en-texas-con-sus-hijos/index.html]
[txcap.org/wp-json/wp/v2/posts/269.html]
[txcap.org/wp-json/oembed/1.0/embed31b2.html]
[txcap.org/wp-json/oembed/1.0/embedc0b8.html]
[txcap.org/wp-json/wp/v2/posts/276]
[txcap.org/wp-json/oembed/1.0/embed924e]
[txcap.org/wp-json/oembed/1.0/embed0fb8]
[txcap.org/abbott-firma-una-reforma-radical-del-bienestar-infantil/index.html]
[txcap.org/wp-json/wp/v2/posts/318.html]
[txcap.org/wp-json/oembed/1.0/embed74b0.html]
[txcap.org/wp-json/oembed/1.0/embed3fbb.html]
[txcap.org/wp-json/wp/v2/posts/319]
[txcap.org/wp-json/oembed/1.0/embed4ac5]
[txcap.org/wp-json/oembed/1.0/embed2792]
[txcap.org/como-obtener-la-custodia-de-sus-hijos-en-texas/index.html]
[txcap.org/wp-json/wp/v2/posts/331.html]
[txcap.org/wp-json/oembed/1.0/embed7eaf.html]
[txcap.org/wp-json/oembed/1.0/embedc1c3.html]
[txcap.org/wp-json/oembed/1.0/embedd761]
[txcap.org/wp-json/oembed/1.0/embedd922]
[txcap.org/comprender-los-derechos-del-padre-en-texas/index.html]
[txcap.org/wp-json/wp/v2/posts/306.html]
[txcap.org/wp-json/oembed/1.0/embedbfd4.html]
[txcap.org/wp-json/oembed/1.0/embed411a.html]
[txcap.org/wp-json/oembed/1.0/embed7f55]
[txcap.org/wp-json/oembed/1.0/embed1715]
[txcap.org/custodia-de-menores-en-texas-cuando-un-padre-quiere-mover-un-nino-fuera-del-estado/index.html]
[txcap.org/wp-json/wp/v2/posts/296.html]
[txcap.org/wp-json/oembed/1.0/embed0d16.html]
[txcap.org/wp-json/oembed/1.0/embed4c1b.html]
[txcap.org/custodia-de-menores-y-tipos-de-tutoria-en-texas/index.html]
[txcap.org/wp-json/wp/v2/pages/371.html]
[txcap.org/wp-json/oembed/1.0/embed4f47.html]
[txcap.org/wp-json/oembed/1.0/embed6747.html]
[txcap.org/wp-json/wp/v2/pages/374]
[txcap.org/wp-json/oembed/1.0/embedd29f]
[txcap.org/wp-json/oembed/1.0/embed9345]
[txcap.org/acerca-de-nosotros/index.html]
[txcap.org/wp-json/wp/v2/categories/51.html]
[txcap.org/wp-json/wp/v2/pages/366.html]
[txcap.org/wp-json/oembed/1.0/embed92b2.html]
[txcap.org/wp-json/oembed/1.0/embed1de0.html]
[txcap.org/wp-json/wp/v2/pages/400.html]
[txcap.org/wp-json/oembed/1.0/embed384b.html]
[txcap.org/wp-json/oembed/1.0/embeddd4a.html]
[txcap.org/wp-json/oembed/1.0/embedb871.html]
[txcap.org/wp-json/oembed/1.0/embedf10b.html]
[txcap.org/wp-json/wp/v2/posts/265.html]
[txcap.org/wp-json/oembed/1.0/embed0cdf.html]
[txcap.org/wp-json/oembed/1.0/embedc314.html]
[txcap.org/wp-json/oembed/1.0/embed72b6.html]
[txcap.org/wp-json/oembed/1.0/embed8742.html]
[txcap.org/wp-json/wp/v2/posts/276.html]
[txcap.org/wp-json/oembed/1.0/embed924e.html]
[txcap.org/wp-json/oembed/1.0/embed0fb8.html]
[txcap.org/wp-json/wp/v2/posts/319.html]
[txcap.org/wp-json/oembed/1.0/embed4ac5.html]
[txcap.org/wp-json/oembed/1.0/embed2792.html]
[txcap.org/wp-json/oembed/1.0/embedd761.html]
[txcap.org/wp-json/oembed/1.0/embedd922.html]
[txcap.org/wp-json/oembed/1.0/embed7f55.html]
[txcap.org/wp-json/oembed/1.0/embed1715.html]
[txcap.org/wp-json/wp/v2/pages/374.html]
[txcap.org/wp-json/oembed/1.0/embedd29f.html]
[txcap.org/wp-json/oembed/1.0/embed9345.html]
